[    0.000000] Initializing cgroup subsys cpuset
[    0.000000] Initializing cgroup subsys cpu
[    0.000000] Initializing cgroup subsys cpuacct
[    0.000000] Linux version 4.4.0-157-generic (buildd@lgw01-amd64-037) (gcc version 5.4.0 20160609 (Ubuntu 5.4.0-6ubuntu1~16.04.10) ) #185-Ubuntu SMP Tue Jul 23 09:17:01 UTC 2019 (Ubuntu 4.4.0-157.185-generic 4.4.181)
[    0.000000] Command line: BOOT_IMAGE=/boot/vmlinuz-4.4.0-157-generic root=LABEL=cloudimg-rootfs ro console=tty1 console=ttyS0
[    0.000000] KERNEL supported cpus:
[    0.000000]   Intel GenuineIntel
[    0.000000]   AMD AuthenticAMD
[    0.000000]   Centaur CentaurHauls
[    0.000000] x86/fpu: xstate_offset[2]:  576, xstate_sizes[2]:  256
[    0.000000] x86/fpu: Supporting XSAVE feature 0x01: 'x87 floating point registers'
[    0.000000] x86/fpu: Supporting XSAVE feature 0x02: 'SSE registers'
[    0.000000] x86/fpu: Supporting XSAVE feature 0x04: 'AVX registers'
[    0.000000] x86/fpu: Enabled xstate features 0x7, context size is 832 bytes, using 'standard' format.
[    0.000000] e820: BIOS-provided physical RAM map:
[    0.000000] BIOS-e820: [mem 0x0000000000000000-0x000000000009fbff] usable
[    0.000000] BIOS-e820: [mem 0x000000000009fc00-0x000000000009ffff] reserved
[    0.000000] BIOS-e820: [mem 0x00000000000f0000-0x00000000000fffff] reserved
[    0.000000] BIOS-e820: [mem 0x0000000000100000-0x000000003ffeffff] usable
[    0.000000] BIOS-e820: [mem 0x000000003fff0000-0x000000003fffffff] ACPI data
[    0.000000] BIOS-e820: [mem 0x00000000fec00000-0x00000000fec00fff] reserved
[    0.000000] BIOS-e820: [mem 0x00000000fee00000-0x00000000fee00fff] reserved
[    0.000000] BIOS-e820: [mem 0x00000000fffc0000-0x00000000ffffffff] reserved
[    0.000000] NX (Execute Disable) protection: active
[    0.000000] SMBIOS 2.5 present.
[    0.000000] Hypervisor detected: KVM
[    0.000000] e820: last_pfn = 0x3fff0 max_arch_pfn = 0x400000000
[    0.000000] MTRR: Disabled
[    0.000000] x86/PAT: MTRRs disabled, skipping PAT initialization too.
[    0.000000] CPU MTRRs all blank - virtualized system.
[    0.000000] x86/PAT: Configuration [0-7]: WB  WT  UC- UC  WB  WT  UC- UC  
[    0.000000] found SMP MP-table at [mem 0x0009fff0-0x0009ffff] mapped at [ffff88000009fff0]
[    0.000000] Scanning 1 areas for low memory corruption
[    0.000000] RAMDISK: [mem 0x362fc000-0x37175fff]
[    0.000000] ACPI: Early table checksum verification disabled
[    0.000000] ACPI: RSDP 0x00000000000E0000 000024 (v02 VBOX  )
[    0.000000] ACPI: XSDT 0x000000003FFF0030 00003C (v01 VBOX   VBOXXSDT 00000001 ASL  00000061)
[    0.000000] ACPI: FACP 0x000000003FFF00F0 0000F4 (v04 VBOX   VBOXFACP 00000001 ASL  00000061)
[    0.000000] ACPI: DSDT 0x000000003FFF0470 0022EA (v02 VBOX   VBOXBIOS 00000002 INTL 20100528)
[    0.000000] ACPI: FACS 0x000000003FFF0200 000040
[    0.000000] ACPI: FACS 0x000000003FFF0200 000040
[    0.000000] ACPI: APIC 0x000000003FFF0240 00005C (v02 VBOX   VBOXAPIC 00000001 ASL  00000061)
[    0.000000] ACPI: SSDT 0x000000003FFF02A0 0001CC (v01 VBOX   VBOXCPUT 00000002 INTL 20100528)
[    0.000000] No NUMA configuration found
[    0.000000] Faking a node at [mem 0x0000000000000000-0x000000003ffeffff]
[    0.000000] NODE_DATA(0) allocated [mem 0x3ffeb000-0x3ffeffff]
[    0.000000] kvm-clock: Using msrs 4b564d01 and 4b564d00
[    0.000000] kvm-clock: cpu 0, msr 0:3ffe3001, primary cpu clock
[    0.000000] kvm-clock: using sched offset of 3440792311 cycles
[    0.000000] clocksource: kvm-clock: mask: 0xffffffffffffffff max_cycles: 0x1cd42e4dffb, max_idle_ns: 881590591483 ns
[    0.000000] Zone ranges:
[    0.000000]   DMA      [mem 0x0000000000001000-0x0000000000ffffff]
[    0.000000]   DMA32    [mem 0x0000000001000000-0x000000003ffeffff]
[    0.000000]   Normal   empty
[    0.000000]   Device   empty
[    0.000000] Movable zone start for each node
[    0.000000] Early memory node ranges
[    0.000000]   node   0: [mem 0x0000000000001000-0x000000000009efff]
[    0.000000]   node   0: [mem 0x0000000000100000-0x000000003ffeffff]
[    0.000000] Initmem setup node 0 [mem 0x0000000000001000-0x000000003ffeffff]
[    0.000000] ACPI: PM-Timer IO Port: 0x4008
[    0.000000] IOAPIC[0]: apic_id 2, version 32, address 0xfec00000, GSI 0-23
[    0.000000] ACPI: INT_SRC_OVR (bus 0 bus_irq 0 global_irq 2 dfl dfl)
[    0.000000] ACPI: INT_SRC_OVR (bus 0 bus_irq 9 global_irq 9 low level)
[    0.000000] Using ACPI (MADT) for SMP configuration information
[    0.000000] smpboot: Allowing 2 CPUs, 0 hotplug CPUs
[    0.000000] PM: Registered nosave memory: [mem 0x00000000-0x00000fff]
[    0.000000] PM: Registered nosave memory: [mem 0x0009f000-0x0009ffff]
[    0.000000] PM: Registered nosave memory: [mem 0x000a0000-0x000effff]
[    0.000000] PM: Registered nosave memory: [mem 0x000f0000-0x000fffff]
[    0.000000] e820: [mem 0x40000000-0xfebfffff] available for PCI devices
[    0.000000] Booting paravirtualized kernel on KVM
[    0.000000] clocksource: refined-jiffies: mask: 0xffffffff max_cycles: 0xffffffff, max_idle_ns: 7645519600211568 ns
[    0.000000] setup_percpu: NR_CPUS:512 nr_cpumask_bits:512 nr_cpu_ids:2 nr_node_ids:1
[    0.000000] PERCPU: Embedded 34 pages/cpu @ffff88003fc00000 s99544 r8192 d31528 u1048576
[    0.000000] Built 1 zonelists in Node order, mobility grouping on.  Total pages: 257912
[    0.000000] Policy zone: DMA32
[    0.000000] Kernel command line: BOOT_IMAGE=/boot/vmlinuz-4.4.0-157-generic root=LABEL=cloudimg-rootfs ro console=tty1 console=ttyS0
[    0.000000] PID hash table entries: 4096 (order: 3, 32768 bytes)
[    0.000000] Memory: 997736K/1048120K available (8618K kernel code, 1335K rwdata, 4032K rodata, 1484K init, 1284K bss, 50384K reserved, 0K cma-reserved)
[    0.000000] SLUB: HWalign=64, Order=0-3, MinObjects=0, CPUs=2, Nodes=1
[    0.000000] Kernel/User page tables isolation: enabled
[    0.000000] Hierarchical RCU implementation.
[    0.000000] 	Build-time adjustment of leaf fanout to 64.
[    0.000000] 	RCU restricting CPUs from NR_CPUS=512 to nr_cpu_ids=2.
[    0.000000] RCU: Adjusting geometry for rcu_fanout_leaf=64, nr_cpu_ids=2
[    0.000000] NR_IRQS:33024 nr_irqs:440 16
[    0.000000] Console: colour VGA+ 80x25
[    0.000000] console [tty1] enabled
[    0.000000] console [ttyS0] enabled
[    0.000000] tsc: Detected 2712.000 MHz processor
[    0.152508] Calibrating delay loop (skipped) preset value.. 5424.00 BogoMIPS (lpj=10848000)
[    0.154268] pid_max: default: 32768 minimum: 301
[    0.155174] ACPI: Core revision 20150930
[    0.156969] ACPI: 2 ACPI AML tables successfully acquired and loaded
[    0.158369] Security Framework initialized
[    0.159219] Yama: becoming mindful.
[    0.160067] AppArmor: AppArmor initialized
[    0.160984] Dentry cache hash table entries: 131072 (order: 8, 1048576 bytes)
[    0.165406] Inode-cache hash table entries: 65536 (order: 7, 524288 bytes)
[    0.166907] Mount-cache hash table entries: 2048 (order: 2, 16384 bytes)
[    0.168514] Mountpoint-cache hash table entries: 2048 (order: 2, 16384 bytes)
[    0.170789] Initializing cgroup subsys io
[    0.171606] Initializing cgroup subsys memory
[    0.172537] Initializing cgroup subsys devices
[    0.173487] Initializing cgroup subsys freezer
[    0.174347] Initializing cgroup subsys net_cls
[    0.175212] Initializing cgroup subsys perf_event
[    0.176104] Initializing cgroup subsys net_prio
[    0.176962] Initializing cgroup subsys hugetlb
[    0.177873] Initializing cgroup subsys pids
[    0.180711] mce: CPU supports 0 MCE banks
[    0.183087] Last level iTLB entries: 4KB 64, 2MB 8, 4MB 8
[    0.184639] Last level dTLB entries: 4KB 64, 2MB 0, 4MB 0, 1GB 4
[    0.186061] Spectre V2 : Mitigation: Full generic retpoline
[    0.187014] Spectre V2 : Spectre v2 / SpectreRSB mitigation: Filling RSB on context switch
[    0.189134] Speculative Store Bypass: Vulnerable
[    0.190727] MDS: Vulnerable: Clear CPU buffers attempted, no microcode
[    0.197036] Freeing SMP alternatives memory: 36K
[    0.204787] ftrace: allocating 32312 entries in 127 pages
[    0.271070] smpboot: APIC(0) Converting physical 0 to logical package 0
[    0.272375] smpboot: Max logical packages: 1
[    0.273496] x2apic enabled
[    0.274382] Switched APIC routing to physical x2apic.
[    0.276501] ..TIMER: vector=0x30 apic1=0 pin1=2 apic2=-1 pin2=-1
[    0.384684] smpboot: CPU0: Intel(R) Core(TM) i5-7200U CPU @ 2.50GHz (family: 0x6, model: 0x8e, stepping: 0x9)
[    0.386952] Performance Events: unsupported p6 CPU model 142 no PMU driver, software events only.
[    0.399786] KVM setup paravirtual spinlock
[    0.401454] x86: Booting SMP configuration:
[    0.402321] .... node  #0, CPUs:      #1
[    0.403313] kvm-clock: cpu 1, msr 0:3ffe3041, secondary cpu clock
[    0.405746] mce: CPU supports 0 MCE banks
[    0.409320] x86: Booted up 1 node, 2 CPUs
[    0.410421] smpboot: Total of 2 processors activated (10848.00 BogoMIPS)
[    0.412133] devtmpfs: initialized
[    0.414650] evm: security.selinux
[    0.415468] evm: security.SMACK64
[    0.416326] evm: security.SMACK64EXEC
[    0.417128] evm: security.SMACK64TRANSMUTE
[    0.418022] evm: security.SMACK64MMAP
[    0.418819] evm: security.ima
[    0.419516] evm: security.capability
[    0.420631] clocksource: jiffies: mask: 0xffffffff max_cycles: 0xffffffff, max_idle_ns: 7645041785100000 ns
[    0.422586] futex hash table entries: 512 (order: 3, 32768 bytes)
[    0.424305] pinctrl core: initialized pinctrl subsystem
[    0.425539] RTC time: 11:19:46, date: 09/03/19
[    0.426699] NET: Registered protocol family 16
[    0.437373] cpuidle: using governor ladder
[    0.450036] cpuidle: using governor menu
[    0.451192] PCCT header not found.
[    0.452287] ACPI: bus type PCI registered
[    0.453429] acpiphp: ACPI Hot Plug PCI Controller Driver version: 0.5
[    0.454778] PCI: Using configuration type 1 for base access
[    0.469720] ACPI: Added _OSI(Module Device)
[    0.470603] ACPI: Added _OSI(Processor Device)
[    0.471545] ACPI: Added _OSI(3.0 _SCP Extensions)
[    0.472506] ACPI: Added _OSI(Processor Aggregator Device)
[    0.474256] ACPI: Executed 1 blocks of module-level executable AML code
[    0.477621] ACPI: Interpreter enabled
[    0.478445] ACPI: (supports S0 S5)
[    0.479215] ACPI: Using IOAPIC for interrupt routing
[    0.480513] PCI: Using host bridge windows from ACPI; if necessary, use "pci=nocrs" and report a bug
[    0.485939] ACPI: PCI Root Bridge [PCI0] (domain 0000 [bus 00-ff])
[    0.487361] acpi PNP0A03:00: _OSC: OS supports [ASPM ClockPM Segments MSI]
[    0.488968] acpi PNP0A03:00: _OSC: not requesting OS control; OS requires [ExtendedConfig ASPM ClockPM MSI]
[    0.490937] acpi PNP0A03:00: fail to add MMCONFIG information, can't access extended PCI configuration space under this bridge.
[    0.493518] PCI host bridge to bus 0000:00
[    0.494388] pci_bus 0000:00: root bus resource [io  0x0000-0x0cf7 window]
[    0.495718] pci_bus 0000:00: root bus resource [io  0x0d00-0xffff window]
[    0.497023] pci_bus 0000:00: root bus resource [mem 0x000a0000-0x000bffff window]
[    0.498540] pci_bus 0000:00: root bus resource [mem 0x40000000-0xfdffffff window]
[    0.500079] pci_bus 0000:00: root bus resource [bus 00-ff]
[    0.502979] pci 0000:00:01.1: legacy IDE quirk: reg 0x10: [io  0x01f0-0x01f7]
[    0.504279] pci 0000:00:01.1: legacy IDE quirk: reg 0x14: [io  0x03f6]
[    0.505549] pci 0000:00:01.1: legacy IDE quirk: reg 0x18: [io  0x0170-0x0177]
[    0.506879] pci 0000:00:01.1: legacy IDE quirk: reg 0x1c: [io  0x0376]
[    0.529948] pci 0000:00:07.0: quirk: [io  0x4000-0x403f] claimed by PIIX4 ACPI
[    0.541588] pci 0000:00:07.0: quirk: [io  0x4100-0x410f] claimed by PIIX4 SMB
[    0.559951] ACPI: PCI Interrupt Link [LNKA] (IRQs 5 9 10 *11)
[    0.561886] ACPI: PCI Interrupt Link [LNKB] (IRQs 5 9 *10 11)
[    0.563587] ACPI: PCI Interrupt Link [LNKC] (IRQs 5 *9 10 11)
[    0.565255] ACPI: PCI Interrupt Link [LNKD] (IRQs 5 9 10 *11)
[    0.566950] ACPI: Enabled 2 GPEs in block 00 to 07
[    0.568787] vgaarb: setting as boot device: PCI:0000:00:02.0
[    0.570630] vgaarb: device added: PCI:0000:00:02.0,decodes=io+mem,owns=io+mem,locks=none
[    0.572469] vgaarb: loaded
[    0.573215] vgaarb: bridge control possible 0000:00:02.0
[    0.574625] SCSI subsystem initialized
[    0.575843] ACPI: bus type USB registered
[    0.577185] usbcore: registered new interface driver usbfs
[    0.578597] usbcore: registered new interface driver hub
[    0.579884] usbcore: registered new device driver usb
[    0.581409] PCI: Using ACPI for IRQ routing
[    0.582836] NetLabel: Initializing
[    0.583651] NetLabel:  domain hash size = 128
[    0.585447] NetLabel:  protocols = UNLABELED CIPSOv4
[    0.589722] NetLabel:  unlabeled traffic allowed by default
[    0.591360] amd_nb: Cannot enumerate AMD northbridges
[    0.592528] clocksource: Switched to clocksource kvm-clock
[    0.604717] AppArmor: AppArmor Filesystem Enabled
[    0.605855] pnp: PnP ACPI init
[    0.607438] pnp: PnP ACPI: found 3 devices
[    0.617670] clocksource: acpi_pm: mask: 0xffffff max_cycles: 0xffffff, max_idle_ns: 2085701024 ns
[    0.619464] NET: Registered protocol family 2
[    0.620521] TCP established hash table entries: 8192 (order: 4, 65536 bytes)
[    0.621827] TCP bind hash table entries: 8192 (order: 5, 131072 bytes)
[    0.623020] TCP: Hash tables configured (established 8192 bind 8192)
[    0.624181] UDP hash table entries: 512 (order: 2, 16384 bytes)
[    0.625339] UDP-Lite hash table entries: 512 (order: 2, 16384 bytes)
[    0.626539] NET: Registered protocol family 1
[    0.627477] pci 0000:00:00.0: Limiting direct PCI/PCI transfers
[    0.628598] pci 0000:00:01.0: Activating ISA DMA hang workarounds
[    0.629854] Unpacking initramfs...
[    0.889749] Freeing initrd memory: 14824K
[    0.890789] clocksource: tsc: mask: 0xffffffffffffffff max_cycles: 0x2717868ea45, max_idle_ns: 440795316085 ns
[    0.892916] platform rtc_cmos: registered platform RTC device (no PNP device found)
[    0.894683] Scanning for low memory corruption every 60 seconds
[    0.896297] audit: initializing netlink subsys (disabled)
[    0.897491] audit: type=2000 audit(1567509592.461:1): initialized
[    0.898948] Initialise system trusted keyring
[    0.900129] HugeTLB registered 2 MB page size, pre-allocated 0 pages
[    0.902643] zbud: loaded
[    0.903697] VFS: Disk quotas dquot_6.6.0
[    0.904598] VFS: Dquot-cache hash table entries: 512 (order 0, 4096 bytes)
[    0.906194] squashfs: version 4.0 (2009/01/31) Phillip Lougher
[    0.907630] fuse init (API version 7.23)
[    0.908689] Key type big_key registered
[    0.909624] Allocating IMA MOK and blacklist keyrings.
[    0.913037] Key type asymmetric registered
[    0.913851] Asymmetric key parser 'x509' registered
[    0.914806] Block layer SCSI generic (bsg) driver version 0.4 loaded (major 249)
[    0.916410] io scheduler noop registered
[    0.917263] io scheduler deadline registered (default)
[    0.918255] io scheduler cfq registered
[    0.919141] pci_hotplug: PCI Hot Plug PCI Core version: 0.5
[    0.920151] pciehp: PCI Express Hot Plug Controller Driver version: 0.4
[    0.921506] ACPI: AC Adapter [AC] (on-line)
[    0.922380] input: Power Button as /devices/LNXSYSTM:00/LNXPWRBN:00/input/input0
[    0.923821] ACPI: Power Button [PWRF]
[    0.924639] input: Sleep Button as /devices/LNXSYSTM:00/LNXSLPBN:00/input/input1
[    0.926080] ACPI: Sleep Button [SLPF]
[    0.927017] GHES: HEST is not enabled!
[    0.928454] ACPI: Battery Slot [BAT0] (battery present)
[    0.929504] Serial: 8250/16550 driver, 32 ports, IRQ sharing enabled
[    0.951181] 00:02: ttyS0 at I/O 0x3f8 (irq = 4, base_baud = 115200) is a 16550A
[    0.956437] Linux agpgart interface v0.103
[    0.959596] loop: module loaded
[    0.960921] scsi host0: ata_piix
[    0.961772] scsi host1: ata_piix
[    0.962486] ata1: PATA max UDMA/33 cmd 0x1f0 ctl 0x3f6 bmdma 0xd000 irq 14
[    0.963671] ata2: PATA max UDMA/33 cmd 0x170 ctl 0x376 bmdma 0xd008 irq 15
[    0.964973] libphy: Fixed MDIO Bus: probed
[    0.965874] tun: Universal TUN/TAP device driver, 1.6
[    0.966792] tun: (C) 1999-2004 Max Krasnyansky <maxk@qualcomm.com>
[    0.968294] PPP generic driver version 2.4.2
[    0.969726] ehci_hcd: USB 2.0 'Enhanced' Host Controller (EHCI) Driver
[    0.971219] ehci-pci: EHCI PCI platform driver
[    0.972344] ehci-platform: EHCI generic platform driver
[    0.973660] ohci_hcd: USB 1.1 'Open' Host Controller (OHCI) Driver
[    0.975080] ohci-pci: OHCI PCI platform driver
[    0.976174] ohci-platform: OHCI generic platform driver
[    0.977466] uhci_hcd: USB Universal Host Controller Interface driver
[    0.978993] i8042: PNP: PS/2 Controller [PNP0303:PS2K,PNP0f03:PS2M] at 0x60,0x64 irq 1,12
[    0.981316] serio: i8042 KBD port at 0x60,0x64 irq 1
[    0.982593] serio: i8042 AUX port at 0x60,0x64 irq 12
[    0.984126] mousedev: PS/2 mouse device common for all mice
[    0.985880] input: AT Translated Set 2 keyboard as /devices/platform/i8042/serio0/input/input2
[    0.988308] rtc_cmos rtc_cmos: rtc core: registered rtc_cmos as rtc0
[    0.989707] rtc_cmos rtc_cmos: alarms up to one day, 114 bytes nvram
[    0.991079] i2c /dev entries driver
[    0.992108] device-mapper: uevent: version 1.0.3
[    0.993569] device-mapper: ioctl: 4.34.0-ioctl (2015-10-28) initialised: dm-devel@redhat.com
[    0.995528] ledtrig-cpu: registered to indicate activity on CPUs
[    0.997337] NET: Registered protocol family 10
[    0.998836] NET: Registered protocol family 17
[    1.000010] Key type dns_resolver registered
[    1.001847] registered taskstats version 1
[    1.002735] Loading compiled-in X.509 certificates
[    1.004180] Loaded X.509 cert 'Build time autogenerated kernel key: 3e01e6df98386236d59670e6b2ed19a044d5324e'
[    1.006987] zswap: loaded using pool lzo/zbud
[    1.010753] Key type trusted registered
[    1.016284] Key type encrypted registered
[    1.017301] AppArmor: AppArmor sha1 policy hashing enabled
[    1.018566] ima: No TPM chip found, activating TPM-bypass!
[    1.020198] ima: Allocated hash algorithm: sha1
[    1.021390] evm: HMAC attrs: 0x1
[    1.022816]   Magic number: 3:679:326
[    1.023883] rtc_cmos rtc_cmos: setting system clock to 2019-09-03 11:19:47 UTC (1567509587)
[    1.026299] BIOS EDD facility v0.16 2004-Jun-25, 0 devices found
[    1.027733] EDD information not available.
[    1.125781] Freeing unused kernel memory: 1484K
[    1.126778] Write protecting the kernel read-only data: 14336k
[    1.128402] Freeing unused kernel memory: 1612K
[    1.129645] Freeing unused kernel memory: 64K
Loading, please wait...
starting version 229
[    1.144805] random: systemd-udevd: uninitialized urandom read (16 bytes read, 3 bits of entropy available)
[    1.145603] random: udevadm: uninitialized urandom read (16 bytes read, 3 bits of entropy available)
[    1.145628] random: udevadm: uninitialized urandom read (16 bytes read, 3 bits of entropy available)
[    1.151161] random: systemd-udevd: uninitialized urandom read (16 bytes read, 3 bits of entropy available)
[    1.153761] random: systemd-udevd: uninitialized urandom read (16 bytes read, 3 bits of entropy available)
[    1.155443] random: udevadm: uninitialized urandom read (16 bytes read, 3 bits of entropy available)
[    1.155501] random: udevadm: uninitialized urandom read (16 bytes read, 3 bits of entropy available)
[    1.155675] random: udevadm: uninitialized urandom read (16 bytes read, 3 bits of entropy available)
[    1.155736] random: udevadm: uninitialized urandom read (16 bytes read, 3 bits of entropy available)
[    1.155796] random: udevadm: uninitialized urandom read (16 bytes read, 3 bits of entropy available)
[    1.215768] e1000: Intel(R) PRO/1000 Network Driver - version 7.3.21-k8-NAPI
[    1.217198] e1000: Copyright (c) 1999-2006 Intel Corporation.
[    1.221825] Fusion MPT base driver 3.04.20
[    1.222869] Copyright (c) 1999-2008 LSI Corporation
[    1.229236] Fusion MPT SPI Host driver 3.04.20
[    1.252623] AVX2 version of gcm_enc/dec engaged.
[    1.253674] AES CTR mode by8 optimization enabled
[    1.430021] input: ImExPS/2 Generic Explorer Mouse as /devices/platform/i8042/serio1/input/input4
[    1.588671] e1000 0000:00:03.0 eth0: (PCI:33MHz:32-bit) 02:c2:66:bb:16:6d
[    1.589918] e1000 0000:00:03.0 eth0: Intel(R) PRO/1000 Network Connection
[    2.271586] e1000 0000:00:08.0 eth1: (PCI:33MHz:32-bit) 08:00:27:11:0b:f3
[    2.274535] e1000 0000:00:08.0 eth1: Intel(R) PRO/1000 Network Connection
[    2.278480] e1000 0000:00:03.0 enp0s3: renamed from eth0
[    2.280170] mptbase: ioc0: Initiating bringup
[    2.293652] e1000 0000:00:08.0 enp0s8: renamed from eth1
[    2.349303] ioc0: LSI53C1030 A0: Capabilities={Initiator}
[    2.517909] scsi host2: ioc0: LSI53C1030 A0, FwRev=00000000h, Ports=1, MaxQ=256, IRQ=20
[    2.637596] scsi 2:0:0:0: Direct-Access     VBOX     HARDDISK         1.0  PQ: 0 ANSI: 5
[    2.641400] scsi target2:0:0: Beginning Domain Validation
[    2.647496] scsi target2:0:0: Domain Validation skipping write tests
[    2.650815] scsi target2:0:0: Ending Domain Validation
[    2.653329] scsi target2:0:0: asynchronous
[    2.656137] scsi 2:0:1:0: Direct-Access     VBOX     HARDDISK         1.0  PQ: 0 ANSI: 5
[    2.659260] scsi target2:0:1: Beginning Domain Validation
[    2.664434] scsi target2:0:1: Domain Validation skipping write tests
[    2.666728] scsi target2:0:1: Ending Domain Validation
[    2.677390] scsi target2:0:1: asynchronous
[    2.685844] sd 2:0:0:0: Attached scsi generic sg0 type 0
[    2.686240] sd 2:0:0:0: [sda] 20971520 512-byte logical blocks: (10.7 GB/10.0 GiB)
[    2.686437] sd 2:0:0:0: [sda] Write Protect is off
[    2.686534] sd 2:0:0:0: [sda] Incomplete mode parameter data
[    2.686536] sd 2:0:0:0: [sda] Assuming drive cache: write through
[    2.691968] sd 2:0:1:0: [sdb] 20480 512-byte logical blocks: (10.5 MB/10.0 MiB)
[    2.693789] sd 2:0:1:0: Attached scsi generic sg1 type 0
[    2.695286] sd 2:0:1:0: [sdb] Write Protect is off
[    2.696461]  sda: sda1
[    2.697200] sd 2:0:1:0: [sdb] Incomplete mode parameter data
[    2.698335] sd 2:0:1:0: [sdb] Assuming drive cache: write through
[    2.700626] sd 2:0:0:0: [sda] Attached SCSI disk
[    2.705236] sd 2:0:1:0: [sdb] Attached SCSI disk
Begin: Loading essential drivers ... [    4.114306] md: linear personality registered for level -1
[    4.118027] md: multipath personality registered for level -4
[    4.121713] md: raid0 personality registered for level 0
[    4.126389] md: raid1 personality registered for level 1
[    4.200825] raid6: sse2x1   gen()  9398 MB/s
[    4.268706] raid6: sse2x1   xor()  7449 MB/s
[    4.337123] raid6: sse2x2   gen()  9931 MB/s
[    4.404572] raid6: sse2x2   xor()  8395 MB/s
[    4.472662] raid6: sse2x4   gen() 14068 MB/s
[    4.540962] raid6: sse2x4   xor()  9145 MB/s
[    4.608791] raid6: avx2x1   gen() 18862 MB/s
[    4.676642] raid6: avx2x2   gen() 21967 MB/s
[    4.745006] raid6: avx2x4   gen() 24755 MB/s
[    4.745992] raid6: using algorithm avx2x4 gen() 24755 MB/s
[    4.747168] raid6: using avx2x2 recovery algorithm
[    4.749737] xor: automatically using best checksumming function:
[    4.788552]    avx       : 27403.000 MB/sec
[    4.791461] async_tx: api initialized (async)
[    4.803467] md: raid6 personality registered for level 6
[    4.804567] md: raid5 personality registered for level 5
[    4.805648] md: raid4 personality registered for level 4
[    4.813531] md: raid10 personality registered for level 10
done.
Begin: Running /scripts/init-premount ... done.
Begin: Mounting root file system ... Begin: Running /scripts/local-top ... done.
Begin: Running /scripts/local-premount ... [    4.843239] Btrfs loaded
Scanning for Btrfs filesystems
done.
Warning: fsck not present, so skipping root file system
[    4.880413] EXT4-fs (sda1): mounted filesystem with ordered data mode. Opts: (null)
done.
Begin: Running /scripts/local-bottom ... done.
Begin: Running /scripts/init-bottom ... done.
[    4.987273] systemd[1]: systemd 229 running in system mode. (+PAM +AUDIT +SELINUX +IMA +APPARMOR +SMACK +SYSVINIT +UTMP +LIBCRYPTSETUP +GCRYPT +GNUTLS +ACL +XZ -LZ4 +SECCOMP +BLKID +ELFUTILS +KMOD -IDN)
[    4.990464] systemd[1]: Detected virtualization oracle.
[    4.991489] systemd[1]: Detected architecture x86-64.

Welcome to [1mUbuntu 16.04.6 LTS[0m!

[    4.995133] systemd[1]: Set hostname to <ubuntu>.
[    4.998240] systemd[1]: Initializing machine ID from random generator.
[    4.999425] systemd[1]: Installed transient /etc/machine-id file.
[    5.133960] systemd[1]: Started Trigger resolvconf update for networkd DNS.
[[0;32m  OK  [0m] Started Trigger resolvconf update for networkd DNS.
[    5.140921] systemd[1]: Listening on Syslog Socket.
[[0;32m  OK  [0m] Listening on Syslog Socket.
[    5.143109] systemd[1]: Listening on udev Kernel Socket.
[[0;32m  OK  [0m] Listening on udev Kernel Socket.
[    5.145578] systemd[1]: Set up automount Arbitrary Executable File Formats File System Automount Point.
[[0;32m  OK  [0m] Set up automount Arbitrary Executab...ats File System Automount Point.
[    5.156849] systemd[1]: Listening on Journal Audit Socket.
[[0;32m  OK  [0m] Listening on Journal Audit Socket.
[    5.159045] systemd[1]: Reached target User and Group Name Lookups.
[[0;32m  OK  [0m] Reached target User and Group Name Lookups.
[    5.161266] systemd[1]: Listening on LVM2 metadata daemon socket.
[[0;32m  OK  [0m] Listening on LVM2 metadata daemon socket.
[    5.163325] systemd[1]: Listening on udev Control Socket.
[[0;32m  OK  [0m] Listening on udev Control Socket.
[    5.165197] systemd[1]: Started Forward Password Requests to Wall Directory Watch.
[[0;32m  OK  [0m] Started Forward Password Requests to Wall Directory Watch.
[    5.167972] systemd[1]: Created slice User and Session Slice.
[[0;32m  OK  [0m] Created slice User and Session Slice.
[    5.170044] systemd[1]: Reached target Swap.
[[0;32m  OK  [0m] Reached target Swap.
[    5.171613] systemd[1]: Listening on LVM2 poll daemon socket.
[[0;32m  OK  [0m] Listening on LVM2 poll daemon socket.
[    5.173597] systemd[1]: Reached target Encrypted Volumes.
[[0;32m  OK  [0m] Reached target Encrypted Volumes.
[    5.175549] systemd[1]: Listening on Device-mapper event daemon FIFOs.
[[0;32m  OK  [0m] Listening on Device-mapper event daemon FIFOs.
[    5.177789] systemd[1]: Listening on Journal Socket.
[[0;32m  OK  [0m] Listening on Journal Socket.
[    5.179622] systemd[1]: Reached target System Time Synchronized.
[[0;32m  OK  [0m] Reached target System Time Synchronized.
[    5.181818] systemd[1]: Listening on /dev/initctl Compatibility Named Pipe.
[[0;32m  OK  [0m] Listening on /dev/initctl Compatibility Named Pipe.
[    5.184332] systemd[1]: Created slice System Slice.
[[0;32m  OK  [0m] Created slice System Slice.
[    5.201132] systemd[1]: Starting Create list of required static device nodes for the current kernel...
         Starting Create list of required st... nodes for the current kernel...
[    5.205438] systemd[1]: Starting Remount Root and Kernel File Systems...
         Starting Remount Root and Kernel File Systems...
[    5.208574] systemd[1]: Starting Nameserver information manager...
         Starting Nameserver information manager...
[    5.212201] systemd[1]: Starting Set console keymap...
         Starting Set console keymap...
[    5.215032] systemd[1]: Mounting POSIX Message Queue File System...
[    5.215282] EXT4-fs (sda1): re-mounted. Opts: (null)
         Mounting POSIX Message Queue File System...
[    5.218827] systemd[1]: Mounting Huge Pages File System...
         Mounting Huge Pages File System...
[    5.222199] systemd[1]: Created slice system-serial\x2dgetty.slice.
[[0;32m  OK  [0m] Created slice system-serial\x2dgetty.slice.
[    5.229909] systemd[1]: Mounting Debug File System...
         Mounting Debug File System...
[    5.232152] systemd[1]: Starting Uncomplicated firewall...
         Starting Uncomplicated firewall...
[    5.236845] systemd[1]: Starting Load Kernel Modules...
         Starting Load Kernel Modules...
[    5.243560] systemd[1]: Reached target Slices.
[[0;32m  OK  [0m] Reached target Slices.
[    5.246059] systemd[1]: Listening on Journal Socket (/dev/log).
[[0;32m  OK  [0m] Listening on Journal Socket (/dev/log).
[    5.249176] systemd[1]: Starting Journal Service...
[    5.250847] Loading iSCSI transport class v2.0-870.
         Starting Journal Service...
[    5.253456] systemd[1]: Starting Monitoring of LVM2 mirrors, snapshots etc. using dmeventd or progress polling...
         Starting Monitoring of LVM2 mirrors... dmeventd or progress polling...
[    5.260229] systemd[1]: Mounted Huge Pages File System.
[[0;32m  OK  [0m] Mounted Huge Pages File System.
[    5.269146] systemd[1]: Mounted Debug File System.
[[0;32m  OK  [0m] Mounted Debug File System.
[    5.273335] iscsi: registered transport (tcp)
[    5.279752] systemd[1]: Mounted POSIX Message Queue File System.
[[0;32m  OK  [0m] Mounted POSIX Message Queue File System.
[    5.293331] systemd[1]: Started Create list of required static device nodes for the current kernel.
[[0;32m  OK  [0m] Started Create list of required sta...ce nodes for the current kernel.
[    5.297462] systemd[1]: Started Remount Root and Kernel File Systems.
[[0;32m  OK  [0m] Started Remount Root and Kernel File Systems.
[    5.309373] systemd[1]: Started Set console keymap.
[[0;32m  OK  [0m] Started Set console keymap.
[    5.312489] systemd[1]: Started Uncomplicated firewall.
[[    5.313920] iscsi: registered transport (iser)
[0;32m  OK  [0m] Started Uncomplicated firewall.
[    5.316228] systemd[1]: Started Load Kernel Modules.
[[0;32m  OK  [0m] Started Load Kernel Modules.
[    5.345263] systemd[1]: Started Nameserver information manager.
[[0;32m  OK  [0m] Started Nameserver information manager.
[    5.351361] systemd[1]: Started Journal Service.
[[0;32m  OK  [0m] Started Journal Service.
[[0;32m  OK  [0m] Started LVM2 metadata daemon.
         Mounting FUSE Control File System...
         Starting Apply Kernel Variables...
         Starting udev Coldplug all Devices...
         Starting Flush Journal to Persistent Storage...
         Starting Load/Save Random Seed...
         Starting Create Static Device Nodes in /dev...
[[0;32m  OK  [0m] Mounted FUSE Control File System.
[[0;32m  OK  [0m] Started Apply Kernel Variables.
[[0;32m  OK  [0m] Started Load/Save Random Seed.
[[0;32m  OK  [0m] Started Create Static Device Nodes in /dev.
[[0;32m  OK  [0m] Started Flush Journal to Persistent Storage.
[[0;32m  OK  [0m] Started udev Coldplug all Devices.
         Starting udev Kernel Device Manager...
[[0;32m  OK  [0m] Started udev Kernel Device Manager.
[[0;32m  OK  [0m] Started Dispatch Password Requests to Console Directory Watch.
[[0;32m  OK  [0m] Found device /dev/ttyS0.
[[0;32m  OK  [0m] Started Monitoring of LVM2 mirrors,...ng dmeventd or progress polling.
[[0;32m  OK  [0m] Reached target Local File Systems (Pre).
[[0;32m  OK  [0m] Reached target Local File Systems.
         Starting Set console font and keymap...
         Starting Commit a transient machine-id on disk...
         Starting Tell Plymouth To Write Out Runtime Data...
         Starting LSB: AppArmor initialization...
         Starting Create Volatile Files and Directories...
         Starting Initial cloud-init job (pre-networking)...
[[0;32m  OK  [0m] Started Create Volatile Files and Directories.
[[0;32m  OK  [0m] Started Tell Plymouth To Write Out Runtime Data.
[[0;32m  OK  [0m] Started Commit a transient machine-id on disk.
         Starting Update UTMP about System Boot/Shutdown...
[[0;32m  OK  [0m] Started Update UTMP about System Boot/Shutdown.
[[0;32m  OK  [0m] Listening on Load/Save RF Kill Switch Status /dev/rfkill Watch.
[[0;32m  OK  [0m] Started LSB: AppArmor initialization.
[    6.956642] cloud-init[551]: Cloud-init v. 19.1-1-gbaa47854-0ubuntu1~16.04.1 running 'init-local' at Tue, 03 Sep 2019 11:19:53 +0000. Up 6.53 seconds.
[[0;32m  OK  [0m] Started Initial cloud-init job (pre-networking).
[[0;32m  OK  [0m] Reached target Network (Pre).
         Starting Raise network interfaces...
[[0;32m  OK  [0m] Started Set console font and keymap.
[[0;32m  OK  [0m] Created slice system-getty.slice.
[[0;32m  OK  [0m] Started Raise network interfaces.
[[0;32m  OK  [0m] Reached target Network.
         Starting Initial cloud-init job (metadata service crawler)...
[    8.307740] cloud-init[980]: Cloud-init v. 19.1-1-gbaa47854-0ubuntu1~16.04.1 running 'init' at Tue, 03 Sep 2019 11:19:54 +0000. Up 7.82 seconds.
[    8.310161] cloud-init[980]: ci-info: ++++++++++++++++++++++++++++++++++++++Net device info+++++++++++++++++++++++++++++++++++++++
[    8.312469] cloud-init[980]: ci-info: +--------+-------+----------------------------+---------------+--------+-------------------+
[    8.314692] cloud-init[980]: ci-info: | Device |   Up  |          Address           |      Mask     | Scope  |     Hw-Address    |
[    8.316876] cloud-init[980]: ci-info: +--------+-------+----------------------------+---------------+--------+-------------------+
[    8.318441] cloud-init[980]: ci-info: | enp0s3 |  True |         10.0.2.15          | 255.255.255.0 | global | 02:c2:66:bb:16:6d |
[    8.320583] cloud-init[980]: ci-info: | enp0s3 |  True | fe80::c2:66ff:febb:166d/64 |       .       |  link  | 02:c2:66:bb:16:6d |
[    8.322693] cloud-init[980]: ci-info: | enp0s8 | False |             .              |       .       |   .    | 08:00:27:11:0b:f3 |
[    8.324808] cloud-init[980]: ci-info: |   lo   |  True |         127.0.0.1          |   255.0.0.0   |  host  |         .         |
[    8.327326] cloud-init[980]: ci-info: |   lo   |  True |          ::1/128           |       .       |  host  |         .         |
[    8.330315] cloud-init[980]: ci-info: +--------+-------+----------------------------+---------------+--------+-------------------+
[    8.332984] cloud-init[980]: ci-info: +++++++++++++++++++++++++++Route IPv4 info++++++++++++++++++++++++++++
[    8.335221] cloud-init[980]: ci-info: +-------+-------------+----------+---------------+-----------+-------+
[    8.337329] cloud-init[980]: ci-info: | Route | Destination | Gateway  |    Genmask    | Interface | Flags |
[    8.340875] cloud-init[980]: ci-info: +-------+-------------+----------+---------------+-----------+-------+
[    8.343064] cloud-init[980]: ci-info: |   0   |   0.0.0.0   | 10.0.2.2 |    0.0.0.0    |   enp0s3  |   UG  |
[    8.344896] cloud-init[980]: ci-info: |   1   |   10.0.2.0  | 0.0.0.0  | 255.255.255.0 |   enp0s3  |   U   |
[    8.346487] cloud-init[980]: ci-info: +-------+-------------+----------+---------------+-----------+-------+
[    8.348262] cloud-init[980]: ci-info: +++++++++++++++++++Route IPv6 info+++++++++++++++++++
[    8.349951] cloud-init[980]: ci-info: +-------+-------------+---------+-----------+-------+
[    8.351614] cloud-init[980]: ci-info: | Route | Destination | Gateway | Interface | Flags |
[    8.353324] cloud-init[980]: ci-info: +-------+-------------+---------+-----------+-------+
[    8.355132] cloud-init[980]: ci-info: |   0   |  fe80::/64  |    ::   |   enp0s3  |   U   |
[    8.357282] cloud-init[980]: ci-info: |   3   |   ff00::/8  |    ::   |   enp0s3  |   U   |
[    8.359006] cloud-init[980]: ci-info: +-------+-------------+---------+-----------+-------+
[    8.360675] cloud-init[980]: Generating public/private rsa key pair.
[    8.362455] cloud-init[980]: Your identification has been saved in /etc/ssh/ssh_host_rsa_key.
[    8.364213] cloud-init[980]: Your public key has been saved in /etc/ssh/ssh_host_rsa_key.pub.
[    8.366311] cloud-init[980]: The key fingerprint is:
[    8.367758] cloud-init[980]: SHA256:Ezg/Lu0Sp/7XExVeAcEKLQfM43bj1ijjSHToa7LWDws root@ubuntu-xenial
[    8.369564] cloud-init[980]: The key's randomart image is:
[    8.370898] cloud-init[980]: +---[RSA 2048]----+
[    8.371979] cloud-init[980]: |        o.o .oo..|
[    8.373250] cloud-init[980]: |       . * o .. .|
[    8.374646] cloud-init[980]: |      o + = .. o |
[    8.375922] cloud-init[980]: |       = = +  o  |
[    8.377284] cloud-init[980]: |      o S o +.   |
[    8.378524] cloud-init[980]: |      .=.= +..   |
[    8.379840] cloud-init[980]: |     E+=* +. .   |
[    8.381177] cloud-init[980]: |     o+Bo.. o    |
[    8.382364] cloud-init[980]: |    .o=++o   .   |
[    8.383590] cloud-init[980]: +----[SHA256]-----+
[    8.384953] cloud-init[980]: Generating public/private dsa key pair.
[    8.386385] cloud-init[980]: Your identification has been saved in /etc/ssh/ssh_host_dsa_key.
[    8.388463] cloud-init[980]: Your public key has been saved in /etc/ssh/ssh_host_dsa_key.pub.
[    8.390389] cloud-init[980]: The key fingerprint is:
[    8.391582] cloud-init[980]: SHA256:/rcfBANb4BmxdNLqEftlWZ6KjyTUDt1QYoXQubvo0vE root@ubuntu-xenial
[    8.393696] cloud-init[980]: The key's randomart image is:
[    8.395552] cloud-init[980]: +---[DSA 1024]----+
[    8.397183] cloud-init[980]: |         .X*Bo   |
[    8.399015] cloud-init[980]: |         oo#o   .|
[    8.400633] cloud-init[980]: |          B+*  +.|
[    8.401907] cloud-init[980]: |         o++ ++..|
[    8.403157] cloud-init[980]: |        S.ooooo  |
[    8.404420] cloud-init[980]: |       . o.=.o   |
[    8.405755] cloud-init[980]: |        o * + .  |
[    8.408245] cloud-init[980]: |       . + E.. . |
[    8.409885] cloud-init[980]: |        o....o.  |
[    8.411150] cloud-init[980]: +----[SHA256]-----+
[    8.412393] cloud-init[980]: Generating public/private ecdsa key pair.
[    8.413880] cloud-init[980]: Your identification has been saved in /etc/ssh/ssh_host_ecdsa_key.
[    8.415268] cloud-init[980]: Your public key has been saved in /etc/ssh/ssh_host_ecdsa_key.pub.
[    8.416724] cloud-init[980]: The key fingerprint is:
[    8.417701] cloud-init[980]: SHA256:l5OgAjIoa9wa2ZlhPOSuYSsfM6Fwc2Sec+OgSnof8P0 root@ubuntu-xenial
[    8.419205] cloud-init[980]: The key's randomart image is:
[    8.420554] cloud-init[980]: +---[ECDSA 256]---+
[    8.421583] cloud-init[980]: |   .             |
[    8.422500] cloud-init[980]: |. +              |
[    8.423426] cloud-init[980]: |= .*o   .        |
[    8.424393] cloud-init[980]: |o+*==. . . o     |
[    8.425340] cloud-init[980]: |oB=*B + S =      |
[    8.426284] cloud-init[980]: |+o*B B . . .     |
[    8.427200] cloud-init[980]: |o== o o          |
[    8.428098] cloud-init[980]: |+o.+ . .         |
[    8.429034] cloud-init[980]: |o....   E        |
[    8.430023] cloud-init[980]: +----[SHA256]-----+
[    8.430935] cloud-init[980]: Generating public/private ed25519 key pair.
[    8.432050] cloud-init[980]: Your identification has been saved in /etc/ssh/ssh_host_ed25519_key.
[    8.433431] cloud-init[980]: Your public key has been saved in /etc/ssh/ssh_host_ed25519_key.pub.
[    8.434917] cloud-init[980]: The key fingerprint is:
[    8.435866] cloud-init[980]: SHA256:5EWeuKOgTNy1a+yqYapTUOLOBNbXKpnU4uGrhcRjKzM root@ubuntu-xenial
[    8.437331] cloud-init[980]: The key's randomart image is:
[    8.438334] cloud-init[980]: +--[ED25519 256]--+
[    8.439271] cloud-init[980]: |  . . .   .      |
[    8.440261] cloud-init[980]: |o..= o . + .     |
[    8.441266] cloud-init[980]: |=o+ * o o +      |
[    8.442184] cloud-init[980]: |.O B o + o       |
[    8.443122] cloud-init[980]: |*.* = . S        |
[    8.444097] cloud-init[980]: |EB.+ o o .       |
[    8.444996] cloud-init[980]: |.+B   =          |
[    8.446474] cloud-init[980]: |.+ . o           |
[    8.448090] cloud-init[980]: |+......          |
[    8.449662] cloud-init[980]: +----[SHA256]-----+
[[0;32m  OK  [0m] Started Initial cloud-init job (metadata service crawler).
[[0;32m  OK  [0m] Reached target Cloud-config availability.
[[0;32m  OK  [0m] Reached target System Initialization.
         Starting LXD - unix socket.
[[0;32m  OK  [0m] Started ACPI Events Check.
[[0;32m  OK  [0m] Reached target Paths.
         Starting Socket activation for snappy daemon.
[[0;32m  OK  [0m] Started Daily apt download activities.
[[0;32m  OK  [0m] Listening on D-Bus System Message Bus Socket.
[[0;32m  OK  [0m] Started Daily apt upgrade and clean activities.
[[0;32m  OK  [0m] Listening on ACPID Listen Socket.
[[0;32m  OK  [0m] Listening on UUID daemon activation socket.
[[0;32m  OK  [0m] Started Daily Cleanup of Temporary Directories.
[[0;32m  OK  [0m] Reached target Timers.
[[0;32m  OK  [0m] Reached target Network is Online.
         Starting iSCSI initiator daemon (iscsid)...
[[0;32m  OK  [0m] Listening on LXD - unix socket.
[[0;32m  OK  [0m] Listening on Socket activation for snappy daemon.
[[0;32m  OK  [0m] Reached target Sockets.
[[0;32m  OK  [0m] Reached target Basic System.
[[0;32m  OK  [0m] Started FUSE filesystem for LXC.
         Starting Pollinate to seed the pseudo random number generator...
[[0;32m  OK  [0m] Started Deferred execution scheduler.
[[0;32m  OK  [0m] Started Regular background program processing daemon.
         Starting Login Service...
[[0;32m  OK  [0m] Started D-Bus System Message Bus.
         Starting Accounts Service...
         Starting Snappy daemon...
         Starting LSB: Record successful boot for GRUB...
         Starting LSB: MD monitoring daemon...
         Starting Virtualbox guest utils...
[[0;32m  OK  [0m] Started ACPI event daemon.
         Starting System Logging Service...
         Starting /etc/rc.local Compatibility...
         Starting LXD - container startup/shutdown...
[[0;32m  OK  [0m] Started /etc/rc.local Compatibility.
[[0;32m  OK  [0m] Started iSCSI initiator daemon (iscsid).
[[0;32m  OK  [0m] Started System Logging Service.
[[0;32m  OK  [0m] Started Login Service.
[[0;32m  OK  [0m] Started Unattended Upgrades Shutdown.
         Starting Authenticate and Authorize Users to Run Privileged Tasks...
         Starting Login to default iSCSI targets...
[[0;32m  OK  [0m] Started LSB: MD monitoring daemon.
[[0;32m  OK  [0m] Started LSB: Record successful boot for GRUB.
[[0;32m  OK  [0m] Started LXD - container startup/shutdown.
[[0;32m  OK  [0m] Started Login to default iSCSI targets.
[[0;32m  OK  [0m] Reached target Remote File Systems (Pre).
[[0;32m  OK  [0m] Reached target Remote File Systems.
         Starting LSB: daemon to balance interrupts for SMP systems...
         Starting LSB: automatic crash report generation...
         Starting LSB: Set the CPU Frequency Scaling governor to "ondemand"...
         Starting Permit User Sessions...
[[0;32m  OK  [0m] Started Permit User Sessions.
         Starting Hold until boot process finishes up...
         Starting Terminate Plymouth Boot Screen...
[[0;32m  OK  [0m] Started LSB: Set the CPU Frequency Scaling governor to "ondemand".
[[0;32m  OK  [0m] Started Hold until boot process finishes up.
[[0;32m  OK  [0m] Started LSB: daemon to balance interrupts for SMP systems.
[[0;32m  OK  [0m] Started Getty on tty1.
         Starting Set console scheme...
[[0;32m  OK  [0m] Started Serial Getty on ttyS0.
[[0;32m  OK  [0m] Reached target Login Prompts.
[[0;32m  OK  [0m] Started Virtualbox guest utils.
[[0;32m  OK  [0m] Started Terminate Plymouth Boot Screen.
[[0;32m  OK  [0m] Started Set console scheme.
[[0;32m  OK  [0m] Started Authenticate and Authorize Users to Run Privileged Tasks.
[[0;32m  OK  [0m] Started Accounts Service.
[[0;32m  OK  [0m] Started LSB: automatic crash report generation.
[[0;32m  OK  [0m] Started Pollinate to seed the pseudo random number generator.
         Starting OpenBSD Secure Shell server...
[[0;32m  OK  [0m] Started OpenBSD Secure Shell server.
[[0;32m  OK  [0m] Started Snappy daemon.
         Starting Wait until snapd is fully seeded...
[[0;32m  OK  [0m] Started Wait until snapd is fully seeded.
         Starting Apply the settings specified in cloud-config...
[[0;32m  OK  [0m] Reached target Multi-User System.
[[0;32m  OK  [0m] Reached target Graphical Interface.
         Starting Update UTMP about System Runlevel Changes...
[[0;32m  OK  [0m] Started Update UTMP about System Runlevel Changes.
[   10.119610] cloud-init[1340]: Generating locales (this might take a while)...
[   10.991798] cloud-init[1340]:   en_US.UTF-8... done
[   10.992923] cloud-init[1340]: Generation complete.
[   11.304952] cloud-init[1340]: Cloud-init v. 19.1-1-gbaa47854-0ubuntu1~16.04.1 running 'modules:config' at Tue, 03 Sep 2019 11:19:56 +0000. Up 10.01 seconds.
[[0;32m  OK  [0m] Started Apply the settings specified in cloud-config.
         Starting Execute cloud user/final scripts...
ci-info: no authorized ssh keys fingerprints found for user ubuntu.
<14>Sep  3 11:19:58 ec2: 
<14>Sep  3 11:19:58 ec2: #############################################################
<14>Sep  3 11:19:58 ec2: -----BEGIN SSH HOST KEY FINGERPRINTS-----
<14>Sep  3 11:19:58 ec2: 1024 SHA256:/rcfBANb4BmxdNLqEftlWZ6KjyTUDt1QYoXQubvo0vE root@ubuntu-xenial (DSA)
<14>Sep  3 11:19:58 ec2: 256 SHA256:l5OgAjIoa9wa2ZlhPOSuYSsfM6Fwc2Sec+OgSnof8P0 root@ubuntu-xenial (ECDSA)
<14>Sep  3 11:19:58 ec2: 256 SHA256:5EWeuKOgTNy1a+yqYapTUOLOBNbXKpnU4uGrhcRjKzM root@ubuntu-xenial (ED25519)
<14>Sep  3 11:19:58 ec2: 2048 SHA256:Ezg/Lu0Sp/7XExVeAcEKLQfM43bj1ijjSHToa7LWDws root@ubuntu-xenial (RSA)
<14>Sep  3 11:19:58 ec2: -----END SSH HOST KEY FINGERPRINTS-----
<14>Sep  3 11:19:58 ec2: #############################################################
-----BEGIN SSH HOST KEY KEYS-----
ecdsa-sha2-nistp256 AAAAE2VjZHNhLXNoYTItbmlzdHAyNTYAAAAIbmlzdHAyNTYAAABBBEpEMwwyTvexQDueNGFGQ9ENOHl+R2WMXrVMn61gitxNzxq0EpS90Fx62W9ybByzUhn9/M0s9AvrkAwQidF+tfU= root@ubuntu-xenial
ssh-ed25519 AAAAC3NzaC1lZDI1NTE5AAAAIO56hhkRbj5iOui2UBFm8T/JohyB/tpB84o9orOCCuQH root@ubuntu-xenial
ssh-rsa AAAAB3NzaC1yc2EAAAADAQABAAABAQDnJV4oBLb2sYGlOCfyoPpyhDxjkgpylvB1BHcryjAPQ80q4U9OGlsqMZqZFHO7ieVIhGXVB4Z3z4ZkwoUjF32iY0HKudkcM+rkBjlbEgp5FICzsi95E57uhaTWk0zlnPt6bGO8bBhZJH6uIAeGsMCLR7Re0O6KA1tRfKcbi7Cf3i6+bJHsFK/69IgPKNl/Tfr0IcUBv5Mr1IHkd7hBKgPDPJj1iWHW9lM1iQy0T3uZjHmg3Yy7rix4/oAX7szTyh8uuSC3TiyrBiTmmETjFn0S1Bq633S5JD7eX2Ximre92tEpbEa3wYSous4q7pH76m6GqsG62fmQ3kqCO8+aGa1Z root@ubuntu-xenial
-----END SSH HOST KEY KEYS-----
[   11.845998] cloud-init[1381]: Cloud-init v. 19.1-1-gbaa47854-0ubuntu1~16.04.1 running 'modules:final' at Tue, 03 Sep 2019 11:19:58 +0000. Up 11.64 seconds.
[   11.848150] cloud-init[1381]: ci-info: no authorized ssh keys fingerprints found for user ubuntu.
[   11.856473] cloud-init[1381]: Cloud-init v. 19.1-1-gbaa47854-0ubuntu1~16.04.1 finished at Tue, 03 Sep 2019 11:19:58 +0000. Datasource DataSourceNoCloud [seed=/dev/sdb][dsmode=net].  Up 11.83 seconds
[[0;32m  OK  [0m] Started Execute cloud user/final scripts.
[[0;32m  OK  [0m] Reached target Cloud-init target.

Ubuntu 16.04.6 LTS ubuntu-xenial ttyS0

ubuntu-xenial login: 